captrace: begin 43
captrace: 16 0 1 0 1 4095 0
captrace: 1 0 1 0 1 4095 0
captrace: 10 0 32768 0 0 64 1
captrace: 2 0 1 0 1 0 0
captrace: 11 0 32768 0 0 64 1
captrace: 5 0 2 1 0 0 0
captrace: 12 0 32768 0 0 64 1
captrace: 14 0 32768 0 0 64 1
captrace: 7 0 2 0 1 4095 0
captrace: 10 0 32769 0 0 1 2
captrace: 16 0 3 0 1 4095 0
captrace: 1 0 3 0 1 4095 0
captrace: 3 0 3 0 1 4095 0
captrace: 16 0 4 0 1 4095 0
captrace: 1 0 4 0 1 4095 0
captrace: 4 0 4 0 1 0 0
captrace: 10 0 32770 0 0 64 3
captrace: 11 0 32770 0 0 64 3
captrace: 5 0 5 1 0 0 0
captrace: 12 0 32770 0 0 64 3
captrace: 6 0 5 1 0 0 0
captrace: 13 0 32770 0 0 64 3
captrace: 11 0 32770 0 0 64 3
captrace: 16 0 6 0 1 4095 0
captrace: 1 0 6 0 1 4095 0
captrace: 9 0 6 0 0 0 0
captrace: 3 1 6 0 1 4095 0
captrace: 5 0 7 1 0 0 0
captrace: 9 0 7 0 0 0 0
captrace: 15 0 7 0 0 4095 0
captrace: 16 0 8 0 1 65 0
captrace: 16 0 8 1 1 1 0
captrace: 16 0 9 0 1 4095 0
captrace: 8 0 9 0 1 0 0
captrace: 16 0 9 0 2 4095 0
captrace: 10 0 32771 0 0 64 4
captrace: 11 0 32771 0 0 64 4
captrace: 10 0 32771 0 0 64 5
captrace: 5 0 10 1 0 0 0
captrace: 12 0 32771 0 0 64 4
captrace: 14 0 32771 0 0 64 4
captrace: 6 0 10 1 0 0 0
captrace: 11 0 32771 0 0 64 5
captrace: end
captrace: begin 41
captrace: 16 0 65 0 1 4095 0
captrace: 1 0 65 0 1 4095 0
captrace: 4 0 65 0 1 0 0
captrace: 16 0 68 0 1 4095 0
captrace: 1 0 68 0 1 4095 0
captrace: 9 0 68 0 0 0 0
captrace: 3 1 68 0 1 4095 0
captrace: 16 0 65 0 2 4095 0
captrace: 1 0 65 0 2 4095 0
captrace: 10 0 32768 0 0 2 1
captrace: 2 0 65 0 2 0 0
captrace: 16 0 65 0 3 4095 0
captrace: 16 0 69 0 1 4095 0
captrace: 1 0 69 0 1 4095 0
captrace: 9 0 69 0 0 0 0
captrace: 3 1 69 0 1 4095 0
captrace: 16 0 70 0 1 4095 0
captrace: 1 0 70 0 1 4095 0
captrace: 9 0 70 0 0 0 0
captrace: 3 1 70 0 1 4095 0
captrace: 8 0 65 0 3 0 0
captrace: 16 0 65 0 4 4095 0
captrace: 16 0 65 1 1 4095 0
captrace: 16 0 71 0 1 4095 0
captrace: 1 0 71 0 1 4095 0
captrace: 5 0 71 1 0 0 0
captrace: 9 0 71 0 0 0 0
captrace: 15 0 71 0 0 4095 0
captrace: 3 1 71 0 1 4095 0
captrace: 1 0 65 0 4 4095 0
captrace: 8 0 65 1 1 0 0
captrace: 4 0 65 0 4 0 0
captrace: 16 0 65 0 5 4095 0
captrace: 1 0 65 0 5 4095 0
captrace: 16 0 65 1 2 4095 0
captrace: 16 0 65 2 1 4095 0
captrace: 16 0 65 3 1 4095 0
captrace: 11 0 32768 66 0 2 1
captrace: 16 0 65 4 1 4095 0
captrace: 8 0 65 3 1 0 0
captrace: 3 0 65 0 5 4095 0
captrace: end
captrace: begin 18
captrace: 16 0 132 0 1 4095 0
captrace: 1 0 132 0 1 4095 0
captrace: 9 0 132 0 0 0 0
captrace: 3 1 132 0 1 4095 0
captrace: 16 0 133 0 1 4095 0
captrace: 1 0 133 0 1 4095 0
captrace: 9 0 133 0 0 0 0
captrace: 3 1 133 0 1 4095 0
captrace: 16 0 129 0 1 4095 0
captrace: 8 0 129 0 1 0 0
captrace: 16 0 134 0 1 4095 0
captrace: 1 0 134 0 1 4095 0
captrace: 5 0 134 1 0 0 0
captrace: 9 0 134 0 0 0 0
captrace: 15 0 134 0 0 4095 0
captrace: 3 1 134 0 1 4095 0
captrace: 16 0 129 0 2 4095 0
captrace: 8 0 129 0 2 0 0
captrace: end
captrace: begin 28
captrace: 16 0 193 0 1 4095 0
captrace: 16 0 193 1 1 4095 0
captrace: 1 0 193 1 1 4095 0
captrace: 10 0 32768 0 0 2 1
captrace: 2 0 193 1 1 0 0
captrace: 8 0 193 0 1 0 0
captrace: 16 0 196 0 1 4095 0
captrace: 1 0 196 0 1 4095 0
captrace: 9 0 196 0 0 0 0
captrace: 3 1 196 0 1 4095 0
captrace: 11 0 32768 194 0 2 1
captrace: 11 0 32768 195 0 2 1
captrace: 5 0 195 1 0 0 0
captrace: 12 0 32768 195 0 2 1
captrace: 16 0 197 0 1 4095 0
captrace: 1 0 197 0 1 4095 0
captrace: 5 0 197 1 0 0 0
captrace: 9 0 197 0 0 0 0
captrace: 15 0 197 0 0 4095 0
captrace: 3 1 197 0 1 4095 0
captrace: 14 0 32768 195 0 2 1
captrace: 7 0 195 0 1 4095 0
captrace: 6 0 195 0 0 0 0
captrace: 16 0 198 0 1 4095 0
captrace: 1 0 198 0 1 4095 0
captrace: 9 0 198 0 0 0 0
captrace: 3 1 198 0 1 4095 0
captrace: 16 0 193 0 2 4095 0
captrace: end
captrace: begin 38
captrace: 16 0 260 0 1 4095 0
captrace: 1 0 260 0 1 4095 0
captrace: 9 0 260 0 0 0 0
captrace: 3 1 260 0 1 4095 0
captrace: 16 0 261 0 1 4095 0
captrace: 1 0 261 0 1 4095 0
captrace: 9 0 261 0 0 0 0
captrace: 3 1 261 0 1 4095 0
captrace: 16 0 257 0 1 4095 0
captrace: 16 0 262 0 1 4095 0
captrace: 1 0 262 0 1 4095 0
captrace: 9 0 262 0 0 0 0
captrace: 3 1 262 0 1 4095 0
captrace: 8 0 257 0 1 0 0
captrace: 16 0 263 0 1 4095 0
captrace: 1 0 263 0 1 4095 0
captrace: 5 0 263 1 0 0 0
captrace: 9 0 263 0 0 0 0
captrace: 15 0 263 0 0 4095 0
captrace: 3 1 263 0 1 4095 0
captrace: 16 0 264 0 1 4095 0
captrace: 1 0 264 0 1 4095 0
captrace: 9 0 264 0 0 0 0
captrace: 3 1 264 0 1 4095 0
captrace: 16 0 265 0 1 4095 0
captrace: 1 0 265 0 1 4095 0
captrace: 9 0 265 0 0 0 0
captrace: 3 1 265 0 1 4095 0
captrace: 16 0 266 0 1 4095 0
captrace: 1 0 266 0 1 4095 0
captrace: 9 0 266 0 0 0 0
captrace: 3 1 266 0 1 4095 0
captrace: 16 0 267 0 1 4095 0
captrace: 1 0 267 0 1 4095 0
captrace: 5 0 267 1 0 0 0
captrace: 9 0 267 0 0 0 0
captrace: 15 0 267 0 0 4095 0
captrace: 3 1 267 0 1 4095 0
captrace: end
captrace: begin 22
captrace: 16 0 321 0 1 4095 0
captrace: 16 0 321 1 1 4095 0
captrace: 16 0 321 2 1 4095 0
captrace: 8 0 321 1 1 0 0
captrace: 16 0 321 1 2 4095 0
captrace: 16 0 321 3 1 4095 0
captrace: 8 0 321 0 1 0 0
captrace: 1 0 321 1 2 4095 0
captrace: 16 0 321 0 2 4095 0
captrace: 16 0 321 4 1 4095 0
captrace: 4 0 321 1 2 0 0
captrace: 16 0 324 0 1 4095 0
captrace: 1 0 324 0 1 4095 0
captrace: 5 0 324 1 0 0 0
captrace: 9 0 324 0 0 0 0
captrace: 15 0 324 0 0 4095 0
captrace: 3 1 324 0 1 4095 0
captrace: 8 0 321 2 1 0 0
captrace: 8 0 321 3 1 0 0
captrace: 1 0 321 4 1 4095 0
captrace: 10 0 32768 0 0 2 1
captrace: 2 0 321 4 1 0 0
captrace: end
captrace: begin 70
captrace: 16 0 385 0 1 4095 0
captrace: 16 0 388 0 1 4095 0
captrace: 1 0 388 0 1 4095 0
captrace: 9 0 388 0 0 0 0
captrace: 3 1 388 0 1 4095 0
captrace: 16 0 385 1 1 4095 0
captrace: 1 0 385 0 1 4095 0
captrace: 16 0 389 0 1 4095 0
captrace: 1 0 389 0 1 4095 0
captrace: 5 0 389 1 0 0 0
captrace: 9 0 389 0 0 0 0
captrace: 15 0 389 0 0 4095 0
captrace: 3 1 389 0 1 4095 0
captrace: 16 0 385 2 1 4095 0
captrace: 10 0 32768 0 0 2 1
captrace: 2 0 385 0 1 0 0
captrace: 16 0 390 0 1 4095 0
captrace: 1 0 390 0 1 4095 0
captrace: 5 0 390 1 0 0 0
captrace: 9 0 390 0 0 0 0
captrace: 15 0 390 0 0 4095 0
captrace: 3 1 390 0 1 4095 0
captrace: 16 0 391 0 1 4095 0
captrace: 1 0 391 0 1 4095 0
captrace: 5 0 391 1 0 0 0
captrace: 9 0 391 0 0 0 0
captrace: 15 0 391 0 0 4095 0
captrace: 3 1 391 0 1 4095 0
captrace: 1 0 385 2 1 4095 0
captrace: 10 0 32768 0 0 2 2
captrace: 2 0 385 2 1 0 0
captrace: 16 0 385 2 2 4095 0
captrace: 11 0 32768 387 0 2 1
captrace: 16 0 392 0 1 4095 0
captrace: 1 0 392 0 1 4095 0
captrace: 9 0 392 0 0 0 0
captrace: 3 1 392 0 1 4095 0
captrace: 1 0 385 1 1 4095 0
captrace: 11 0 32768 387 0 2 1
captrace: 3 0 385 1 1 4095 0
captrace: 16 0 385 0 2 4095 0
captrace: 8 0 385 2 2 0 0
captrace: 16 0 393 0 1 4095 0
captrace: 1 0 393 0 1 4095 0
captrace: 5 0 393 1 0 0 0
captrace: 9 0 393 0 0 0 0
captrace: 15 0 393 0 0 4095 0
captrace: 3 1 393 0 1 4095 0
captrace: 16 0 385 2 3 4095 0
captrace: 1 0 385 1 1 4095 0
captrace: 16 0 394 0 1 4095 0
captrace: 1 0 394 0 1 4095 0
captrace: 9 0 394 0 0 0 0
captrace: 3 1 394 0 1 4095 0
captrace: 11 0 32768 386 0 2 1
captrace: 16 0 385 3 1 4095 0
captrace: 8 0 385 0 2 0 0
captrace: 8 0 385 2 3 0 0
captrace: 16 0 395 0 1 4095 0
captrace: 1 0 395 0 1 4095 0
captrace: 9 0 395 0 0 0 0
captrace: 3 1 395 0 1 4095 0
captrace: 11 0 32768 387 0 2 1
captrace: 5 0 387 1 0 0 0
captrace: 12 0 32768 387 0 2 1
captrace: 14 0 32768 387 0 2 1
captrace: 7 0 387 0 1 4095 0
captrace: 6 0 387 0 0 0 0
captrace: 8 0 385 3 1 0 0
captrace: 3 0 385 1 1 4095 0
captrace: end
captrace: begin 24
captrace: 16 0 449 0 1 4095 0
captrace: 8 0 449 0 1 0 0
captrace: 16 0 449 0 2 4095 0
captrace: 16 0 449 1 1 4095 0
captrace: 1 0 449 0 2 4095 0
captrace: 8 0 449 1 1 0 0
captrace: 16 0 449 1 2 4095 0
captrace: 8 0 449 1 2 0 0
captrace: 10 0 32768 0 0 2 1
captrace: 2 0 449 0 2 0 0
captrace: 11 0 32768 450 0 2 1
captrace: 11 0 32768 450 0 2 1
captrace: 5 0 450 1 0 0 0
captrace: 12 0 32768 450 0 2 1
captrace: 14 0 32768 450 0 2 1
captrace: 7 0 450 0 1 4095 0
captrace: 6 0 450 0 0 0 0
captrace: 16 0 452 0 1 4095 0
captrace: 1 0 452 0 1 4095 0
captrace: 5 0 452 1 0 0 0
captrace: 9 0 452 0 0 0 0
captrace: 15 0 452 0 0 4095 0
captrace: 3 1 452 0 1 4095 0
captrace: 16 0 449 0 3 4095 0
captrace: end
captrace: begin 31
captrace: 16 0 516 0 1 4095 0
captrace: 1 0 516 0 1 4095 0
captrace: 5 0 516 1 0 0 0
captrace: 9 0 516 0 0 0 0
captrace: 15 0 516 0 0 4095 0
captrace: 3 1 516 0 1 4095 0
captrace: 16 0 513 0 1 4095 0
captrace: 8 0 513 0 1 0 0
captrace: 16 0 517 0 1 4095 0
captrace: 1 0 517 0 1 4095 0
captrace: 5 0 517 1 0 0 0
captrace: 9 0 517 0 0 0 0
captrace: 15 0 517 0 0 4095 0
captrace: 3 1 517 0 1 4095 0
captrace: 16 0 518 0 1 4095 0
captrace: 1 0 518 0 1 4095 0
captrace: 5 0 518 1 0 0 0
captrace: 9 0 518 0 0 0 0
captrace: 15 0 518 0 0 4095 0
captrace: 3 1 518 0 1 4095 0
captrace: 16 0 519 0 1 4095 0
captrace: 1 0 519 0 1 4095 0
captrace: 5 0 519 1 0 0 0
captrace: 9 0 519 0 0 0 0
captrace: 15 0 519 0 0 4095 0
captrace: 3 1 519 0 1 4095 0
captrace: 16 0 520 0 1 4095 0
captrace: 1 0 520 0 1 4095 0
captrace: 9 0 520 0 0 0 0
captrace: 3 1 520 0 1 4095 0
captrace: 16 0 513 0 2 4095 0
captrace: end
